{
  "exclude": {
    "files": "(?x)( package-lock\\.json$ |Cargo\\.lock$ |uv\\.lock$ |go\\.sum$ |mcpgateway/sri_hashes\\.json$ )|^.secrets.baseline$",
    "lines": null
  },
  "generated_at": "2026-05-05T20:42:32Z",
  "plugins_used": [
    {
      "name": "AWSKeyDetector"
    },
    {
      "name": "ArtifactoryDetector"
    },
    {
      "name": "AzureStorageKeyDetector"
    },
    {
      "base64_limit": 4.5,
      "name": "Base64HighEntropyString"
    },
    {
      "name": "BasicAuthDetector"
    },
    {
      "name": "BoxDetector"
    },
    {
      "name": "CloudantDetector"
    },
    {
      "ghe_instance": "github.ibm.com",
      "name": "GheDetector"
    },
    {
      "name": "GitHubTokenDetector"
    },
    {
      "hex_limit": 3,
      "name": "HexHighEntropyString"
    },
    {
      "name": "IbmCloudIamDetector"
    },
    {
      "name": "IbmCosHmacDetector"
    },
    {
      "name": "JwtTokenDetector"
    },
    {
      "keyword_exclude": null,
      "name": "KeywordDetector"
    },
    {
      "name": "MailchimpDetector"
    },
    {
      "name": "NpmDetector"
    },
    {
      "name": "PrivateKeyDetector"
    },
    {
      "name": "SlackDetector"
    },
    {
      "name": "SoftlayerDetector"
    },
    {
      "name": "SquareOAuthDetector"
    },
    {
      "name": "StripeDetector"
    },
    {
      "name": "TwilioKeyDetector"
    }
  ],
  "results": {
    "admin.py": [
      {
        "hashed_secret": "fa9beb99e4029ad5a6615399e7bbae21356086b3",
        "is_verified": false,
        "line_number": 4190,
        "type": "Secret Keyword",
        "verified_result": null
      },
      {
        "hashed_secret": "559b05f1b2863e725b76e216ac3dadecbf92e244",
        "is_verified": false,
        "line_number": 4825,
        "type": "Secret Keyword",
        "verified_result": null
      },
      {
        "hashed_secret": "a8af4759392d4f7496d613174f33afe2074a4b8d",
        "is_verified": false,
        "line_number": 4827,
        "type": "Secret Keyword",
        "verified_result": null
      },
      {
        "hashed_secret": "85b60d811d16ff56b3654587d4487f713bfa33b7",
        "is_verified": false,
        "line_number": 15206,
        "type": "Secret Keyword",
        "verified_result": null
      }
    ],
    "alembic.ini": [
      {
        "hashed_secret": "9d4e1e23bd5b727046a9e3b4b7db57bd8d6ee684",
        "is_verified": false,
        "line_number": 87,
        "type": "Basic Auth Credentials",
        "verified_result": null
      }
    ],
    "alembic/versions/04cda6733305_add_admin_types_to_email_users.py": [
      {
        "hashed_secret": "c052f9f7b5b94886b423384e4938ed8388cd77b4",
        "is_verified": false,
        "line_number": 32,
        "type": "Hex High Entropy String",
        "verified_result": null
      }
    ],
    "alembic/versions/0f81d4a5efe0_new_table_email_team_member_history_for_.py": [
      {
        "hashed_secret": "aeaf4ea9e7c81ad714da7db03735fd1d053414c7",
        "is_verified": false,
        "line_number": 24,
        "type": "Hex High Entropy String",
        "verified_result": null
      }
    ],
    "alembic/versions/14ac971cee42_add_user_context_to_oauth_tokens.py": [
      {
        "hashed_secret": "8e70fb96660fbce85c4be348188c03c3d98a5e95",
        "is_verified": false,
        "line_number": 23,
        "type": "Hex High Entropy String",
        "verified_result": null
      }
    ],
    "alembic/versions/191a2def08d7_resource_rename_template_to_uri_template.py": [
      {
        "hashed_secret": "36b0556065adc2fdd8a15b7ffac028a043c34595",
        "is_verified": false,
        "line_number": 22,
        "type": "Hex High Entropy String",
        "verified_result": null
      },
      {
        "hashed_secret": "0c1c30eba610778ef5e68a58883a052733a22bd4",
        "is_verified": false,
        "line_number": 23,
        "type": "Hex High Entropy String",
        "verified_result": null
      }
    ],
    "alembic/versions/1fc1795f6983_merge_a2a_and_custom_name_changes.py": [
      {
        "hashed_secret": "b6d082a6cc1261d009b34cddd19dca4828f1cb7d",
        "is_verified": false,
        "line_number": 18,
        "type": "Hex High Entropy String",
        "verified_result": null
      }
    ],
    "alembic/versions/34492f99a0c4_add_comprehensive_metadata_to_all_.py": [
      {
        "hashed_secret": "9743f9059c52643b7cc917663462e853fb36f69d",
        "is_verified": false,
        "line_number": 23,
        "type": "Hex High Entropy String",
        "verified_result": null
      }
    ],
    "alembic/versions/356a2d4eed6f_uuid_change_for_prompt_and_resources.py": [
      {
        "hashed_secret": "c81482140a7bf22e957d89f358479e90adef80dc",
        "is_verified": false,
        "line_number": 24,
        "type": "Hex High Entropy String",
        "verified_result": null
      },
      {
        "hashed_secret": "c561aac847538846232699cfaed7fc7fabd1d134",
        "is_verified": false,
        "line_number": 25,
        "type": "Hex High Entropy String",
        "verified_result": null
      }
    ],
    "alembic/versions/3b17fdc40a8d_add_passthrough_headers_to_gateways_and_.py": [
      {
        "hashed_secret": "044c1c4f5cc1f89969f46018b2bacbe8918aaf1a",
        "is_verified": false,
        "line_number": 22,
        "type": "Hex High Entropy String",
        "verified_result": null
      }
    ],
    "alembic/versions/3c89a45f32e5_add_grpc_services_table.py": [
      {
        "hashed_secret": "83af00f2e79329f549c1438dec118e0cba4ad111",
        "is_verified": false,
        "line_number": 22,
        "type": "Hex High Entropy String",
        "verified_result": null
      }
    ],
    "alembic/versions/43c07ed25a24_add_oauth_fields_to_servers.py": [
      {
        "hashed_secret": "48ffbad96aa9c2b33f9486f5a3c2108198acb518",
        "is_verified": false,
        "line_number": 26,
        "type": "Hex High Entropy String",
        "verified_result": null
      }
    ],
    "alembic/versions/4842b831d24e_add_on_error_to_tool_plugin_bindings.py": [
      {
        "hashed_secret": "9d3ff55a4142c729a413d7362c0aaa57e3fc0789",
        "is_verified": false,
        "line_number": 17,
        "type": "Hex High Entropy String",
        "verified_result": null
      }
    ],
    "alembic/versions/4e6273136e56_normalize_registered_oauth_client_issuer.py": [
      {
        "hashed_secret": "2d40811ded1703d949aca3c40d77175a5c568c05",
        "is_verified": false,
        "line_number": 29,
        "type": "Hex High Entropy String",
        "verified_result": null
      }
    ],
    "alembic/versions/5f3c681b05e1_add_index_for_team_name.py": [
      {
        "hashed_secret": "e6ec1410341b496819aeb85882509889c33017af",
        "is_verified": false,
        "line_number": 25,
        "type": "Hex High Entropy String",
        "verified_result": null
      }
    ],
    "alembic/versions/61ee11c482d6_add_code_verifier_to_oauth_states_for_.py": [
      {
        "hashed_secret": "aeaf4ea9e7c81ad714da7db03735fd1d053414c7",
        "is_verified": false,
        "line_number": 23,
        "type": "Hex High Entropy String",
        "verified_result": null
      }
    ],
    "alembic/versions/64acf94cb7f2_cleanup_inactive_duplicate_user_roles.py": [
      {
        "hashed_secret": "dc7c15edd98c7c7ce4cd107fb4ccb17329510002",
        "is_verified": false,
        "line_number": 30,
        "type": "Hex High Entropy String",
        "verified_result": null
      },
      {
        "hashed_secret": "52294c20155b397fbf140baa0cfb6d9400c82c25",
        "is_verified": false,
        "line_number": 31,
        "type": "Hex High Entropy String",
        "verified_result": null
      }
    ],
    "alembic/versions/733159a4fa74_add_display_name_to_tools.py": [
      {
        "hashed_secret": "b6d082a6cc1261d009b34cddd19dca4828f1cb7d",
        "is_verified": false,
        "line_number": 23,
        "type": "Hex High Entropy String",
        "verified_result": null
      }
    ],
    "alembic/versions/77243f5bfce5_add_tool_id_to_a2a_agents.py": [
      {
        "hashed_secret": "21562fcd9707470b4fa7cec05458e86caeb25fda",
        "is_verified": false,
        "line_number": 22,
        "type": "Hex High Entropy String",
        "verified_result": null
      }
    ],
    "alembic/versions/8a16a77260f0_adding_original_description_column_to_.py": [
      {
        "hashed_secret": "10b36c8089b5791d82f0700828fd23a9c782101f",
        "is_verified": false,
        "line_number": 23,
        "type": "Hex High Entropy String",
        "verified_result": null
      }
    ],
    "alembic/versions/8a2934be50c0_rest_pass_api_fld_tools.py": [
      {
        "hashed_secret": "c84583fef8c1325676bd098d09cfc64f185792f7",
        "is_verified": false,
        "line_number": 22,
        "type": "Hex High Entropy String",
        "verified_result": null
      }
    ],
    "alembic/versions/926d3e07d098_add_on_error_check_constraint.py": [
      {
        "hashed_secret": "6fc2a8a23c7db93d6624d3e40d9db9f3157c715e",
        "is_verified": false,
        "line_number": 16,
        "type": "Hex High Entropy String",
        "verified_result": null
      },
      {
        "hashed_secret": "f538aed8b4f3c292a140aca68c67439bbe2d066a",
        "is_verified": false,
        "line_number": 17,
        "type": "Hex High Entropy String",
        "verified_result": null
      }
    ],
    "alembic/versions/9c45d2e63bc0_merge_plugin_bindings_and_token_.py": [
      {
        "hashed_secret": "f538aed8b4f3c292a140aca68c67439bbe2d066a",
        "is_verified": false,
        "line_number": 13,
        "type": "Hex High Entropy String",
        "verified_result": null
      },
      {
        "hashed_secret": "37aeb741aa6f0a22a08c218234b31ee891f64400",
        "is_verified": false,
        "line_number": 14,
        "type": "Hex High Entropy String",
        "verified_result": null
      }
    ],
    "alembic/versions/9e028ecf59c4_tag_records_changes_list_str_to_list_.py": [
      {
        "hashed_secret": "c561aac847538846232699cfaed7fc7fabd1d134",
        "is_verified": false,
        "line_number": 23,
        "type": "Hex High Entropy String",
        "verified_result": null
      }
    ],
    "alembic/versions/9f5d93ced2b3_add_llm_permissions_to_default_roles.py": [
      {
        "hashed_secret": "99927e177522cd7b4b713ac9fe99968d2f71b829",
        "is_verified": false,
        "line_number": 31,
        "type": "Hex High Entropy String",
        "verified_result": null
      }
    ],
    "alembic/versions/a23a08d61eb0_add_observability_tables.py": [
      {
        "hashed_secret": "9d88d7eece452a76b2955ecfbb251f23cf7b7905",
        "is_verified": false,
        "line_number": 22,
        "type": "Hex High Entropy String",
        "verified_result": null
      }
    ],
    "alembic/versions/a3c38b6c2437_fix_a2a_agents_auth_value.py": [
      {
        "hashed_secret": "52294c20155b397fbf140baa0cfb6d9400c82c25",
        "is_verified": false,
        "line_number": 36,
        "type": "Hex High Entropy String",
        "verified_result": null
      },
      {
        "hashed_secret": "9b094435d625c9385a1bb083604f87fa7c225da0",
        "is_verified": false,
        "line_number": 37,
        "type": "Hex High Entropy String",
        "verified_result": null
      }
    ],
    "alembic/versions/a4f1c7d8e9b0_add_app_user_email_to_oauth_states.py": [
      {
        "hashed_secret": "5ebf53ef06815a59e9fd0378d3a19dff8b0ac28a",
        "is_verified": false,
        "line_number": 22,
        "type": "Hex High Entropy String",
        "verified_result": null
      },
      {
        "hashed_secret": "99927e177522cd7b4b713ac9fe99968d2f71b829",
        "is_verified": false,
        "line_number": 23,
        "type": "Hex High Entropy String",
        "verified_result": null
      }
    ],
    "alembic/versions/a8f3b2c1d4e5_add_gateway_refresh_fields.py": [
      {
        "hashed_secret": "19c9ebc4037f02acb15d950b258d51e9eb249966",
        "is_verified": false,
        "line_number": 24,
        "type": "Hex High Entropy String",
        "verified_result": null
      },
      {
        "hashed_secret": "21562fcd9707470b4fa7cec05458e86caeb25fda",
        "is_verified": false,
        "line_number": 25,
        "type": "Hex High Entropy String",
        "verified_result": null
      }
    ],
    "alembic/versions/aa1b2c3d4e5f_add_token_revocation_idle_timeout_fields.py": [
      {
        "hashed_secret": "9d3ff55a4142c729a413d7362c0aaa57e3fc0789",
        "is_verified": false,
        "line_number": 20,
        "type": "Hex High Entropy String",
        "verified_result": null
      }
    ],
    "alembic/versions/aac21d6f9522_merge_ca_cert_and_observability_heads.py": [
      {
        "hashed_secret": "74cf584eb4fffdfa472c808000adb71841786f3e",
        "is_verified": false,
        "line_number": 18,
        "type": "Hex High Entropy String",
        "verified_result": null
      }
    ],
    "alembic/versions/abf8ac3b6008_add_admin_overview_and_servers_use_to_.py": [
      {
        "hashed_secret": "dc7c15edd98c7c7ce4cd107fb4ccb17329510002",
        "is_verified": false,
        "line_number": 37,
        "type": "Hex High Entropy String",
        "verified_result": null
      }
    ],
    "alembic/versions/add_oauth_tokens_table.py": [
      {
        "hashed_secret": "3333a8285ac54459f46f2ef561184275586dd1a7",
        "is_verified": false,
        "line_number": 23,
        "type": "Hex High Entropy String",
        "verified_result": null
      }
    ],
    "alembic/versions/b2d9c6e4f1a7_add_explicit_team_and_token_permissions.py": [
      {
        "hashed_secret": "c4770f062e9bfa8ec054475f98315913da1d16fd",
        "is_verified": false,
        "line_number": 30,
        "type": "Hex High Entropy String",
        "verified_result": null
      },
      {
        "hashed_secret": "5ebf53ef06815a59e9fd0378d3a19dff8b0ac28a",
        "is_verified": false,
        "line_number": 31,
        "type": "Hex High Entropy String",
        "verified_result": null
      }
    ],
    "alembic/versions/b9e496e91e71_merge_gateway_refresh_and_sso_provider_.py": [
      {
        "hashed_secret": "19c9ebc4037f02acb15d950b258d51e9eb249966",
        "is_verified": false,
        "line_number": 19,
        "type": "Hex High Entropy String",
        "verified_result": null
      }
    ],
    "alembic/versions/c96c11c111b4_create_index_on_user_name.py": [
      {
        "hashed_secret": "21562fcd9707470b4fa7cec05458e86caeb25fda",
        "is_verified": false,
        "line_number": 34,
        "type": "Hex High Entropy String",
        "verified_result": null
      }
    ],
    "alembic/versions/cbedf4e580e0_add_tools_execute_to_viewer_role.py": [
      {
        "hashed_secret": "f89c8b868b1f89c02134b0cae17608852b6ec609",
        "is_verified": false,
        "line_number": 33,
        "type": "Hex High Entropy String",
        "verified_result": null
      },
      {
        "hashed_secret": "2e6b7b27cad43ed0908be745231a98936aad5293",
        "is_verified": false,
        "line_number": 34,
        "type": "Hex High Entropy String",
        "verified_result": null
      }
    ],
    "alembic/versions/cfc3d6aa0fb2_consolidated_multiuser_team_rbac_.py": [
      {
        "hashed_secret": "f216ad54219955ae0c4c306010eee4c60b0ec6e1",
        "is_verified": false,
        "line_number": 30,
        "type": "Hex High Entropy String",
        "verified_result": null
      }
    ],
    "alembic/versions/d9e0f1a2b3c4_change_token_uniqueness_to_per_team.py": [
      {
        "hashed_secret": "45fc9ab5f41816c6979df8bc85ffdc160a0e696a",
        "is_verified": false,
        "line_number": 35,
        "type": "Hex High Entropy String",
        "verified_result": null
      },
      {
        "hashed_secret": "c4770f062e9bfa8ec054475f98315913da1d16fd",
        "is_verified": false,
        "line_number": 36,
        "type": "Hex High Entropy String",
        "verified_result": null
      }
    ],
    "alembic/versions/e182847d89e6_unique_constraints_changes_for_gateways_.py": [
      {
        "hashed_secret": "8e70fb96660fbce85c4be348188c03c3d98a5e95",
        "is_verified": false,
        "line_number": 22,
        "type": "Hex High Entropy String",
        "verified_result": null
      },
      {
        "hashed_secret": "f216ad54219955ae0c4c306010eee4c60b0ec6e1",
        "is_verified": false,
        "line_number": 23,
        "type": "Hex High Entropy String",
        "verified_result": null
      }
    ],
    "alembic/versions/e1f2a3b4c5d6_add_grant_source_to_user_roles.py": [
      {
        "hashed_secret": "9b094435d625c9385a1bb083604f87fa7c225da0",
        "is_verified": false,
        "line_number": 28,
        "type": "Hex High Entropy String",
        "verified_result": null
      },
      {
        "hashed_secret": "45fc9ab5f41816c6979df8bc85ffdc160a0e696a",
        "is_verified": false,
        "line_number": 29,
        "type": "Hex High Entropy String",
        "verified_result": null
      }
    ],
    "alembic/versions/e5a59c16e041_unique_const_changes_for_prompt_and_.py": [
      {
        "hashed_secret": "81d89c741bbf0978e92cb9852870242cc88c7db2",
        "is_verified": false,
        "line_number": 22,
        "type": "Hex High Entropy String",
        "verified_result": null
      },
      {
        "hashed_secret": "c84583fef8c1325676bd098d09cfc64f185792f7",
        "is_verified": false,
        "line_number": 23,
        "type": "Hex High Entropy String",
        "verified_result": null
      }
    ],
    "alembic/versions/eb17fd368f9d_merge_passthrough_headers_and_tags_.py": [
      {
        "hashed_secret": "9743f9059c52643b7cc917663462e853fb36f69d",
        "is_verified": false,
        "line_number": 18,
        "type": "Hex High Entropy String",
        "verified_result": null
      },
      {
        "hashed_secret": "044c1c4f5cc1f89969f46018b2bacbe8918aaf1a",
        "is_verified": false,
        "line_number": 19,
        "type": "Hex High Entropy String",
        "verified_result": null
      }
    ],
    "alembic/versions/ee288b094280_add_auth_query_params_to_gateways.py": [
      {
        "hashed_secret": "48ffbad96aa9c2b33f9486f5a3c2108198acb518",
        "is_verified": false,
        "line_number": 26,
        "type": "Hex High Entropy String",
        "verified_result": null
      }
    ],
    "alembic/versions/f1a2b3c4d5e6_add_auth_query_params_to_a2a_agents.py": [
      {
        "hashed_secret": "2d40811ded1703d949aca3c40d77175a5c568c05",
        "is_verified": false,
        "line_number": 25,
        "type": "Hex High Entropy String",
        "verified_result": null
      }
    ],
    "alembic/versions/f3a3a3d901b8_remove_gateway_url_unique_constraint.py": [
      {
        "hashed_secret": "0c1c30eba610778ef5e68a58883a052733a22bd4",
        "is_verified": false,
        "line_number": 23,
        "type": "Hex High Entropy String",
        "verified_result": null
      },
      {
        "hashed_secret": "74cf584eb4fffdfa472c808000adb71841786f3e",
        "is_verified": false,
        "line_number": 24,
        "type": "Hex High Entropy String",
        "verified_result": null
      }
    ],
    "alembic/versions/f8c9d3e2a1b4_add_oauth_config_to_gateways.py": [
      {
        "hashed_secret": "3333a8285ac54459f46f2ef561184275586dd1a7",
        "is_verified": false,
        "line_number": 22,
        "type": "Hex High Entropy String",
        "verified_result": null
      }
    ],
    "alembic/versions/g1a2b3c4d5e6_add_pagination_indexes.py": [
      {
        "hashed_secret": "81d89c741bbf0978e92cb9852870242cc88c7db2",
        "is_verified": false,
        "line_number": 23,
        "type": "Hex High Entropy String",
        "verified_result": null
      }
    ],
    "alembic/versions/h2b3c4d5e6f7_add_oauth_config_to_a2a_agents.py": [
      {
        "hashed_secret": "83af00f2e79329f549c1438dec118e0cba4ad111",
        "is_verified": false,
        "line_number": 23,
        "type": "Hex High Entropy String",
        "verified_result": null
      }
    ],
    "alembic/versions/i3c4d5e6f7g8_add_observability_performance_indexes.py": [
      {
        "hashed_secret": "9d88d7eece452a76b2955ecfbb251f23cf7b7905",
        "is_verified": false,
        "line_number": 22,
        "type": "Hex High Entropy String",
        "verified_result": null
      }
    ],
    "alembic/versions/k5e6f7g8h9i0_add_structured_logging_tables.py": [
      {
        "hashed_secret": "c81482140a7bf22e957d89f358479e90adef80dc",
        "is_verified": false,
        "line_number": 20,
        "type": "Hex High Entropy String",
        "verified_result": null
      }
    ],
    "alembic/versions/u5f6g7h8i9j0_add_provider_metadata_to_sso_providers.py": [
      {
        "hashed_secret": "e6ec1410341b496819aeb85882509889c33017af",
        "is_verified": false,
        "line_number": 29,
        "type": "Hex High Entropy String",
        "verified_result": null
      }
    ],
    "alembic/versions/v1a2b3c4d5e6_assign_default_viewer_role_to_existing_users.py": [
      {
        "hashed_secret": "c052f9f7b5b94886b423384e4938ed8388cd77b4",
        "is_verified": false,
        "line_number": 40,
        "type": "Hex High Entropy String",
        "verified_result": null
      }
    ],
    "alembic/versions/z1a2b3c4d5e6_add_password_change_required.py": [
      {
        "hashed_secret": "36b0556065adc2fdd8a15b7ffac028a043c34595",
        "is_verified": false,
        "line_number": 20,
        "type": "Hex High Entropy String",
        "verified_result": null
      }
    ],
    "cache/session_registry.py": [
      {
        "hashed_secret": "9d4e1e23bd5b727046a9e3b4b7db57bd8d6ee684",
        "is_verified": false,
        "line_number": 152,
        "type": "Basic Auth Credentials",
        "verified_result": null
      }
    ],
    "common/validators.py": [
      {
        "hashed_secret": "c377074d6473f35a91001981355da793dc808ffd",
        "is_verified": false,
        "line_number": 751,
        "type": "Hex High Entropy String",
        "verified_result": null
      }
    ],
    "config.py": [
      {
        "hashed_secret": "9d4e1e23bd5b727046a9e3b4b7db57bd8d6ee684",
        "is_verified": false,
        "line_number": 221,
        "type": "Basic Auth Credentials",
        "verified_result": null
      },
      {
        "hashed_secret": "ff37a98a9963d347e9749a5c1b3936a4a245a6ff",
        "is_verified": false,
        "line_number": 2420,
        "type": "Secret Keyword",
        "verified_result": null
      }
    ],
    "db.py": [
      {
        "hashed_secret": "9d4e1e23bd5b727046a9e3b4b7db57bd8d6ee684",
        "is_verified": false,
        "line_number": 80,
        "type": "Basic Auth Credentials",
        "verified_result": null
      }
    ],
    "llm_provider_configs.py": [
      {
        "hashed_secret": "25910f981e85ca04baf359199dd0bd4a3ae738b6",
        "is_verified": false,
        "line_number": 308,
        "type": "AWS Access Key",
        "verified_result": null
      },
      {
        "hashed_secret": "d70eab08607a4d05faa2d0d6647206599e9abc65",
        "is_verified": false,
        "line_number": 316,
        "type": "Base64 High Entropy String",
        "verified_result": null
      }
    ],
    "middleware/request_logging_middleware.py": [
      {
        "hashed_secret": "e9fe51f94eadabf54dbf2fbbd57188b9abee436e",
        "is_verified": false,
        "line_number": 40,
        "type": "Secret Keyword",
        "verified_result": null
      },
      {
        "hashed_secret": "f2b14f68eb995facb3a1c35287b778d5bd785511",
        "is_verified": false,
        "line_number": 176,
        "type": "Secret Keyword",
        "verified_result": null
      },
      {
        "hashed_secret": "1073ab6cda4b991cd29f9e83a307f34004ae9327",
        "is_verified": false,
        "line_number": 182,
        "type": "Secret Keyword",
        "verified_result": null
      },
      {
        "hashed_secret": "d4fe581561f18ee5006254a7e53f53cbed780bc2",
        "is_verified": false,
        "line_number": 269,
        "type": "Secret Keyword",
        "verified_result": null
      }
    ],
    "routers/auth.py": [
      {
        "hashed_secret": "aa1a82fe15c74459f1261961b07ae924e2b94ab2",
        "is_verified": false,
        "line_number": 151,
        "type": "Secret Keyword",
        "verified_result": null
      }
    ],
    "routers/email_auth.py": [
      {
        "hashed_secret": "6993a3fd94a012ab50fb6b9e97ec238310f0b177",
        "is_verified": false,
        "line_number": 401,
        "type": "Secret Keyword",
        "verified_result": null
      },
      {
        "hashed_secret": "52dcc83ec1e54426ad58a64854d1eb8d5f5d9685",
        "is_verified": false,
        "line_number": 402,
        "type": "Secret Keyword",
        "verified_result": null
      },
      {
        "hashed_secret": "a616a64c0fbc30f12287d0f24f3b90dd2e6a206e",
        "is_verified": false,
        "line_number": 684,
        "type": "Secret Keyword",
        "verified_result": null
      }
    ],
    "routers/oauth_router.py": [
      {
        "hashed_secret": "d3ecb0d890368d7659ee54010045b835dacb8efe",
        "is_verified": false,
        "line_number": 658,
        "type": "Secret Keyword",
        "verified_result": null
      }
    ],
    "schemas.py": [
      {
        "hashed_secret": "c377074d6473f35a91001981355da793dc808ffd",
        "is_verified": false,
        "line_number": 4220,
        "type": "Hex High Entropy String",
        "verified_result": null
      },
      {
        "hashed_secret": "6367c48dd193d56ea7b0baad25b19455e529f5ee",
        "is_verified": false,
        "line_number": 5352,
        "type": "Secret Keyword",
        "verified_result": null
      },
      {
        "hashed_secret": "f2b14f68eb995facb3a1c35287b778d5bd785511",
        "is_verified": false,
        "line_number": 5701,
        "type": "Secret Keyword",
        "verified_result": null
      },
      {
        "hashed_secret": "f42a3fabe1e9bed059d727f47eb752e3aa61b977",
        "is_verified": false,
        "line_number": 5758,
        "type": "Secret Keyword",
        "verified_result": null
      },
      {
        "hashed_secret": "b85788b459aa4d67e1070930dae6d0827756aadb",
        "is_verified": false,
        "line_number": 5796,
        "type": "Secret Keyword",
        "verified_result": null
      },
      {
        "hashed_secret": "52dcc83ec1e54426ad58a64854d1eb8d5f5d9685",
        "is_verified": false,
        "line_number": 5797,
        "type": "Secret Keyword",
        "verified_result": null
      }
    ],
    "scripts/validate_env.py": [
      {
        "hashed_secret": "b0fb9e3dbf6beca57a1e203dddab80910598ec3d",
        "is_verified": false,
        "line_number": 112,
        "type": "Base64 High Entropy String",
        "verified_result": null
      }
    ],
    "services/argon2_service.py": [
      {
        "hashed_secret": "f13733f6dd9f1ed3118e2da31428c71eab5ffd99",
        "is_verified": false,
        "line_number": 50,
        "type": "Secret Keyword",
        "verified_result": null
      }
    ],
    "services/email_auth_service.py": [
      {
        "hashed_secret": "f42a3fabe1e9bed059d727f47eb752e3aa61b977",
        "is_verified": false,
        "line_number": 573,
        "type": "Secret Keyword",
        "verified_result": null
      }
    ],
    "services/mcp_client_chat_service.py": [
      {
        "hashed_secret": "11fa7c37d697f30e6aee828b4426a10f83ab2380",
        "is_verified": false,
        "line_number": 526,
        "type": "Secret Keyword",
        "verified_result": null
      },
      {
        "hashed_secret": "94b778a67d72bc0e8fa5838e7fa48b37739a9e30",
        "is_verified": false,
        "line_number": 624,
        "type": "Secret Keyword",
        "verified_result": null
      },
      {
        "hashed_secret": "6d9c68c603e465077bdd49c62347fe54717f83a3",
        "is_verified": false,
        "line_number": 719,
        "type": "Secret Keyword",
        "verified_result": null
      },
      {
        "hashed_secret": "c7a8c334eef5d1749fface7d42c66f9ae5e8cf36",
        "is_verified": false,
        "line_number": 1157,
        "type": "Secret Keyword",
        "verified_result": null
      },
      {
        "hashed_secret": "a62f2225bf70bfaccbc7f1ef2a397836717377de",
        "is_verified": false,
        "line_number": 1796,
        "type": "Secret Keyword",
        "verified_result": null
      },
      {
        "hashed_secret": "ec3810e10fb78db55ce38b9c18d1c3eb1db739e0",
        "is_verified": false,
        "line_number": 1809,
        "type": "Secret Keyword",
        "verified_result": null
      }
    ],
    "services/oauth_manager.py": [
      {
        "hashed_secret": "f2b14f68eb995facb3a1c35287b778d5bd785511",
        "is_verified": false,
        "line_number": 107,
        "type": "Secret Keyword",
        "verified_result": null
      },
      {
        "hashed_secret": "819ef87051ee2837fefbb462d846b8d282d3b756",
        "is_verified": false,
        "line_number": 110,
        "type": "Secret Keyword",
        "verified_result": null
      }
    ],
    "services/observability_service.py": [
      {
        "hashed_secret": "0a24796d4c71ce722a92f450f69dc36c60b21de4",
        "is_verified": false,
        "line_number": 185,
        "type": "Hex High Entropy String",
        "verified_result": null
      },
      {
        "hashed_secret": "8750a512f22c55598175aee8790ae2470ec88d16",
        "is_verified": false,
        "line_number": 185,
        "type": "Hex High Entropy String",
        "verified_result": null
      }
    ],
    "services/resource_service.py": [
      {
        "hashed_secret": "a10b98d7340036e9c8c301704f623eddd733cc1a",
        "is_verified": false,
        "line_number": 366,
        "type": "Hex High Entropy String",
        "verified_result": null
      },
      {
        "hashed_secret": "718cbcc5a4207c0d5f38e3a309bdba17cb0074b7",
        "is_verified": false,
        "line_number": 3526,
        "type": "Hex High Entropy String",
        "verified_result": null
      }
    ],
    "services/sso_service.py": [
      {
        "hashed_secret": "920a25ef686c4f7ca6ad23dd109d3ad653161832",
        "is_verified": false,
        "line_number": 785,
        "type": "Secret Keyword",
        "verified_result": null
      }
    ],
    "services/support_bundle_service.py": [
      {
        "hashed_secret": "5baa61e4c9b93f3f0682250b6cf8331b7ee68fd8",
        "is_verified": false,
        "line_number": 157,
        "type": "Basic Auth Credentials",
        "verified_result": null
      }
    ],
    "sri_hashes.json": [
      {
        "hashed_secret": "565f57a0686bdd450e5c3cf740a47e0bc9410469",
        "is_verified": false,
        "line_number": 2,
        "type": "Base64 High Entropy String",
        "verified_result": null
      },
      {
        "hashed_secret": "9412580d859a192c1915cdc58de2e145d249ef6a",
        "is_verified": false,
        "line_number": 3,
        "type": "Base64 High Entropy String",
        "verified_result": null
      },
      {
        "hashed_secret": "d8797430a133d1bc558e4ef4ba7110b28b67abfc",
        "is_verified": false,
        "line_number": 4,
        "type": "Base64 High Entropy String",
        "verified_result": null
      },
      {
        "hashed_secret": "6af61c57e8d8bcb6af6de09cfa7fb75c67785a48",
        "is_verified": false,
        "line_number": 5,
        "type": "Base64 High Entropy String",
        "verified_result": null
      },
      {
        "hashed_secret": "d58b463fcf8838bc9fec1cd217fc96dd6b2c02e8",
        "is_verified": false,
        "line_number": 6,
        "type": "Base64 High Entropy String",
        "verified_result": null
      },
      {
        "hashed_secret": "b5fc888b800befb7f0afd247b85cf1e00a1c617d",
        "is_verified": false,
        "line_number": 7,
        "type": "Base64 High Entropy String",
        "verified_result": null
      },
      {
        "hashed_secret": "a322631affd826e32a9fe4c1edd155526253a368",
        "is_verified": false,
        "line_number": 8,
        "type": "Base64 High Entropy String",
        "verified_result": null
      },
      {
        "hashed_secret": "5936242a1ad0d29897b3d7d8ca1075298653775c",
        "is_verified": false,
        "line_number": 9,
        "type": "Base64 High Entropy String",
        "verified_result": null
      },
      {
        "hashed_secret": "f7d3016ba11801d588c442e1a09f00897ff182e3",
        "is_verified": false,
        "line_number": 10,
        "type": "Base64 High Entropy String",
        "verified_result": null
      },
      {
        "hashed_secret": "57004d905b477a36f855d6a639c52b11c8385d1d",
        "is_verified": false,
        "line_number": 11,
        "type": "Base64 High Entropy String",
        "verified_result": null
      },
      {
        "hashed_secret": "d7abf8d576f5ea125ba6fd308f28d8654f523a8c",
        "is_verified": false,
        "line_number": 12,
        "type": "Base64 High Entropy String",
        "verified_result": null
      },
      {
        "hashed_secret": "86d2bc3a79018d822c677c462ac5b0f304304c3e",
        "is_verified": false,
        "line_number": 13,
        "type": "Base64 High Entropy String",
        "verified_result": null
      },
      {
        "hashed_secret": "210c11ae2699ba71e143e861c8007d73993b47a8",
        "is_verified": false,
        "line_number": 14,
        "type": "Base64 High Entropy String",
        "verified_result": null
      },
      {
        "hashed_secret": "e07d2c2acd3964454c1eabed5eeff4fe70a2069e",
        "is_verified": false,
        "line_number": 15,
        "type": "Base64 High Entropy String",
        "verified_result": null
      }
    ],
    "templates/change-password-required.html": [
      {
        "hashed_secret": "6947818ac409551f11fbaa78f0ea6391960aa5b8",
        "is_verified": false,
        "line_number": 582,
        "type": "Secret Keyword",
        "verified_result": null
      }
    ],
    "templates/mcp_registry_partial.html": [
      {
        "hashed_secret": "d4c3d66fd0c38547a3c7a4c6bdc29c36911bc030",
        "is_verified": false,
        "line_number": 667,
        "type": "Secret Keyword",
        "verified_result": null
      }
    ],
    "toolops/toolops_altk_service.py": [
      {
        "hashed_secret": "772fabfec4c6f068c046e516ab0b946909697d32",
        "is_verified": false,
        "line_number": 283,
        "type": "Hex High Entropy String",
        "verified_result": null
      }
    ],
    "toolops/utils/db_util.py": [
      {
        "hashed_secret": "e2eea31cf61d791c922b110554ce1f0a6ed046e9",
        "is_verified": false,
        "line_number": 178,
        "type": "Hex High Entropy String",
        "verified_result": null
      }
    ],
    "toolops/utils/llm_util.py": [
      {
        "hashed_secret": "e6a51c968d41fd1d3437e6b7d9101e527ee1b83f",
        "is_verified": false,
        "line_number": 67,
        "type": "Secret Keyword",
        "verified_result": null
      },
      {
        "hashed_secret": "9c4006403b5388cd34ccfe3ed1b1d3e53cf35700",
        "is_verified": false,
        "line_number": 81,
        "type": "Secret Keyword",
        "verified_result": null
      },
      {
        "hashed_secret": "d01e71e4c47a4022acd25c74bffedd2641a60c70",
        "is_verified": false,
        "line_number": 96,
        "type": "Secret Keyword",
        "verified_result": null
      },
      {
        "hashed_secret": "39fc8e4accd6a3563c4be159e507195ad3d7274c",
        "is_verified": false,
        "line_number": 106,
        "type": "Secret Keyword",
        "verified_result": null
      }
    ],
    "tools/builder/common.py": [
      {
        "hashed_secret": "2a1027e8abaef8567159c09ddca81604fb1ba8c0",
        "is_verified": false,
        "line_number": 428,
        "type": "Basic Auth Credentials",
        "verified_result": null
      }
    ],
    "tools/builder/templates/compose/docker-compose.yaml.j2": [
      {
        "hashed_secret": "bd0160c2cf35d950843c88f3be2b9412ed71f485",
        "is_verified": false,
        "line_number": 44,
        "type": "Secret Keyword",
        "verified_result": null
      },
      {
        "hashed_secret": "4d4acd9b084d13f5fdb23807d857e1c48a1cfd0f",
        "is_verified": false,
        "line_number": 164,
        "type": "Secret Keyword",
        "verified_result": null
      }
    ],
    "translate_header_utils.py": [
      {
        "hashed_secret": "e48c47f1431afd3bb030deea266b4309e2228c5b",
        "is_verified": false,
        "line_number": 189,
        "type": "Secret Keyword",
        "verified_result": null
      },
      {
        "hashed_secret": "a62f2225bf70bfaccbc7f1ef2a397836717377de",
        "is_verified": false,
        "line_number": 261,
        "type": "Secret Keyword",
        "verified_result": null
      },
      {
        "hashed_secret": "ee977806d7286510da8b9a7492ba58e2484c0ecc",
        "is_verified": false,
        "line_number": 316,
        "type": "Secret Keyword",
        "verified_result": null
      }
    ],
    "utils/create_jwt_token.py": [
      {
        "hashed_secret": "2fcd9b91b955db1627d18720cb7395ef2893a497",
        "is_verified": false,
        "line_number": 36,
        "type": "Secret Keyword",
        "verified_result": null
      }
    ],
    "utils/generate_keys.py": [
      {
        "hashed_secret": "1348b145fa1a555461c1b790a2f66614781091e9",
        "is_verified": false,
        "line_number": 89,
        "type": "Private Key",
        "verified_result": null
      }
    ],
    "utils/services_auth.py": [
      {
        "hashed_secret": "a2fe5a0cdcbf2e84dbf868a11c5f2ca79f2d7b8d",
        "is_verified": false,
        "line_number": 218,
        "type": "Secret Keyword",
        "verified_result": null
      }
    ],
    "utils/sso_bootstrap.py": [
      {
        "hashed_secret": "920a25ef686c4f7ca6ad23dd109d3ad653161832",
        "is_verified": false,
        "line_number": 43,
        "type": "Secret Keyword",
        "verified_result": null
      },
      {
        "hashed_secret": "b44bf05d644c15c4d84f78771de011e3cce924c0",
        "is_verified": false,
        "line_number": 60,
        "type": "Secret Keyword",
        "verified_result": null
      },
      {
        "hashed_secret": "999a3419d9959d3c39b11dcc67d79c7888b4b765",
        "is_verified": false,
        "line_number": 72,
        "type": "Secret Keyword",
        "verified_result": null
      },
      {
        "hashed_secret": "bacac952b5cb942687d38a9eda6531d570f88b22",
        "is_verified": false,
        "line_number": 85,
        "type": "Secret Keyword",
        "verified_result": null
      },
      {
        "hashed_secret": "cd1ecfcd67c8b85800a483d77e550d36727e8925",
        "is_verified": false,
        "line_number": 99,
        "type": "Secret Keyword",
        "verified_result": null
      }
    ],
    "utils/url_auth.py": [
      {
        "hashed_secret": "6367c48dd193d56ea7b0baad25b19455e529f5ee",
        "is_verified": false,
        "line_number": 68,
        "type": "Secret Keyword",
        "verified_result": null
      },
      {
        "hashed_secret": "f2b14f68eb995facb3a1c35287b778d5bd785511",
        "is_verified": false,
        "line_number": 130,
        "type": "Basic Auth Credentials",
        "verified_result": null
      },
      {
        "hashed_secret": "9d4e1e23bd5b727046a9e3b4b7db57bd8d6ee684",
        "is_verified": false,
        "line_number": 136,
        "type": "Basic Auth Credentials",
        "verified_result": null
      },
      {
        "hashed_secret": "b02dff0ec9d24823e77c27c281a852247896b86d",
        "is_verified": false,
        "line_number": 138,
        "type": "Basic Auth Credentials",
        "verified_result": null
      },
      {
        "hashed_secret": "f2b14f68eb995facb3a1c35287b778d5bd785511",
        "is_verified": false,
        "line_number": 203,
        "type": "Secret Keyword",
        "verified_result": null
      }
    ],
    "utils/verify_credentials.py": [
      {
        "hashed_secret": "a4b48a81cdab1e1a5dd37907d6c85ca1c61ddc7c",
        "is_verified": false,
        "line_number": 681,
        "type": "Secret Keyword",
        "verified_result": null
      }
    ],
    "version.py": [
      {
        "hashed_secret": "9addbf544119efa4a64223b649750a510f0d463f",
        "is_verified": false,
        "line_number": 851,
        "type": "Secret Keyword",
        "verified_result": null
      },
      {
        "hashed_secret": "9addbf544119efa4a64223b649750a510f0d463f",
        "is_verified": false,
        "line_number": 913,
        "type": "Basic Auth Credentials",
        "verified_result": null
      }
    ]
  },
  "version": "0.13.1+ibm.64.dss",
  "word_list": {
    "file": null,
    "hash": null
  }
}
